// Jest Snapshot v1, https://goo.gl/fbAQLP

exports[`Render with Intl should correctly render formatted message 1`] = `"foo"`;
